[36mvite v5.4.19 [32mbuilding for production...[36m[39m
transforming...
node.exe : Browserslist: 
browsers data 
(caniuse-lite) is 8 months 
old. Please run:
At line:1 char:1
+ & "C:\Program 
Files\nodejs/node.exe" 
"C:\Program 
Files\nodejs/node_mo ...
+ ~~~~~~~~~~~~~~~~~~~~~~~~~~
~~~~~~~~~~~~~~~~~~~~~~~~~~~~
~~~~~~~~~~~~~~~
    + CategoryInfo          
    : NotSpecified: (Brows  
  erslist: b...ld. Please   
  run::String) [], Remot    
eException
    + FullyQualifiedErrorId 
    : NativeCommandError
 
  npx update-browserslist-db
@latest
  Why you should do it 
regularly: https://github.co
m/browserslist/update-db#rea
dme
[32mΓ£ô[39m 93 modules transformed.
[31mx[39m Build failed in 
1.14s
[31merror during build:
[31m[vite:load-fallback] 
Could not load G:\001.odoo\l
earnflow-studio\src/componen
ts/courses/PaymentModal 
(imported by src/pages/Cours
eDetailPage.tsx): ENOENT: 
no such file or directory, 
open 'G:\001.odoo\learnflow-
studio\src\components\course
s\PaymentModal'[31m
    at async open (node:inte
rnal/fs/promises:641:25)
    at async 
Object.readFile (node:intern
al/fs/promises:1279:14)
    at async Object.load (fi
le:///G:/001.odoo/learnflow-
studio/node_modules/vite/dis
t/node/chunks/dep-C6uTJdX2.j
s:65341:25)
    at async PluginDriver.ho
okFirstAndGetPlugin (file://
/G:/001.odoo/learnflow-studi
o/node_modules/rollup/dist/e
s/shared/node-entry.js:20630
:28)
    at async file:///G:/001.
odoo/learnflow-studio/node_m
odules/rollup/dist/es/shared
/node-entry.js:19750:33
    at async Queue.work (fil
e:///G:/001.odoo/learnflow-s
tudio/node_modules/rollup/di
st/es/shared/node-entry.js:2
0840:32)[39m
